[0.058s] Invoking command in '/home/robot/ros_workspaces/project2/build/firstservicepkg': /usr/bin/cmake /home/robot/ros_workspaces/project2/firstservicepkg -DCMAKE_INSTALL_PREFIX=/home/robot/ros_workspaces/project2/install/firstservicepkg
[0.454s] -- The C compiler identification is GNU 11.4.0
[0.789s] -- The CXX compiler identification is GNU 11.4.0
[0.829s] -- Detecting C compiler ABI info
[1.135s] -- Detecting C compiler ABI info - done
[1.181s] -- Check for working C compiler: /usr/bin/cc - skipped
[1.279s] -- Detecting C compile features
[1.304s] -- Detecting C compile features - done
[1.434s] -- Detecting CXX compiler ABI info
[1.806s] -- Detecting CXX compiler ABI info - done
[1.849s] -- Check for working CXX compiler: /usr/bin/c++ - skipped
[1.850s] -- Detecting CXX compile features
[1.852s] -- Detecting CXX compile features - done
[1.876s] -- Found ament_cmake: 1.3.9 (/opt/ros/humble/share/ament_cmake/cmake)
[2.537s] -- Found Python3: /usr/bin/python3 (found version "3.10.12") found components: Interpreter 
[2.968s] -- Found rclcpp: 16.0.9 (/opt/ros/humble/share/rclcpp/cmake)
[3.194s] -- Found rosidl_generator_c: 3.1.5 (/opt/ros/humble/share/rosidl_generator_c/cmake)
[3.219s] -- Found rosidl_adapter: 3.1.5 (/opt/ros/humble/share/rosidl_adapter/cmake)
[3.264s] -- Found rosidl_generator_cpp: 3.1.5 (/opt/ros/humble/share/rosidl_generator_cpp/cmake)
[3.344s] -- Using all available rosidl_typesupport_c: rosidl_typesupport_fastrtps_c;rosidl_typesupport_introspection_c
[3.453s] -- Using all available rosidl_typesupport_cpp: rosidl_typesupport_fastrtps_cpp;rosidl_typesupport_introspection_cpp
[3.834s] -- Found rmw_implementation_cmake: 6.1.2 (/opt/ros/humble/share/rmw_implementation_cmake/cmake)
[3.846s] -- Found rmw_fastrtps_cpp: 6.2.6 (/opt/ros/humble/share/rmw_fastrtps_cpp/cmake)
[4.330s] -- Found OpenSSL: /usr/lib/x86_64-linux-gnu/libcrypto.so (found version "3.0.2")  
[4.433s] -- Found FastRTPS: /opt/ros/humble/include  
[4.614s] -- Using RMW implementation 'rmw_fastrtps_cpp' as default
[4.662s] -- Looking for pthread.h
[4.973s] -- Looking for pthread.h - found
[4.975s] -- Performing Test CMAKE_HAVE_LIBC_PTHREAD
[5.304s] -- Performing Test CMAKE_HAVE_LIBC_PTHREAD - Success
[5.310s] -- Found Threads: TRUE  
[6.210s] -- Found rosidl_default_generators: 1.2.0 (/opt/ros/humble/share/rosidl_default_generators/cmake)
[6.258s] -- Found sensor_msgs: 4.2.4 (/opt/ros/humble/share/sensor_msgs/cmake)
[6.995s] -- Found OpenCV: /usr (found version "4.5.4") 
[7.000s] -- Found cv_bridge: 3.2.1 (/opt/ros/humble/share/cv_bridge/cmake)
[7.903s] Error parsing '/home/robot/ros_workspaces/project2/firstservicepkg/package.xml':
[8.489s] Traceback (most recent call last):
[8.491s]   File "/usr/lib/python3/dist-packages/catkin_pkg/package.py", line 610, in parse_package_string
[8.492s]     root = dom.parseString(data)
[8.492s]   File "/usr/lib/python3.10/xml/dom/minidom.py", line 2000, in parseString
[8.493s]     return expatbuilder.parseString(string)
[8.494s]   File "/usr/lib/python3.10/xml/dom/expatbuilder.py", line 925, in parseString
[8.494s]     return builder.parseString(string)
[8.494s]   File "/usr/lib/python3.10/xml/dom/expatbuilder.py", line 223, in parseString
[8.495s]     parser.Parse(string, True)
[8.495s] xml.parsers.expat.ExpatError: mismatched tag: line 31, column 2
[8.495s] 
[8.496s] During handling of the above exception, another exception occurred:
[8.496s] 
[8.497s] Traceback (most recent call last):
[8.497s]   File "/opt/ros/humble/share/ament_cmake_core/cmake/core/package_xml_2_cmake.py", line 150, in <module>
[8.497s]     main()
[8.498s]   File "/opt/ros/humble/share/ament_cmake_core/cmake/core/package_xml_2_cmake.py", line 53, in main
[8.498s]     raise e
[8.498s]   File "/opt/ros/humble/share/ament_cmake_core/cmake/core/package_xml_2_cmake.py", line 49, in main
[8.499s]     package = parse_package_string(
[8.499s]   File "/usr/lib/python3/dist-packages/catkin_pkg/package.py", line 612, in parse_package_string
[8.499s]     raise InvalidPackage('The manifest contains invalid XML:\n%s' % ex, filename)
[8.500s] catkin_pkg.package.InvalidPackage: Error(s) in package '/home/robot/ros_workspaces/project2/firstservicepkg/package.xml':
[8.500s] The manifest contains invalid XML:
[8.501s] mismatched tag: line 31, column 2
[8.563s] [31mCMake Error at /opt/ros/humble/share/ament_cmake_core/cmake/core/ament_package_xml.cmake:95 (message):
[8.564s]   execute_process(/usr/bin/python3
[8.565s]   /opt/ros/humble/share/ament_cmake_core/cmake/core/package_xml_2_cmake.py
[8.565s]   /home/robot/ros_workspaces/project2/firstservicepkg/package.xml
[8.566s]   /home/robot/ros_workspaces/project2/build/firstservicepkg/ament_cmake_core/package.cmake)
[8.566s]   returned error code 1
[8.566s] Call Stack (most recent call first):
[8.567s]   /opt/ros/humble/share/ament_cmake_core/cmake/core/ament_package_xml.cmake:49 (_ament_package_xml)
[8.567s]   /opt/ros/humble/share/rosidl_cmake/cmake/rosidl_generate_interfaces.cmake:226 (ament_package_xml)
[8.567s]   CMakeLists.txt:20 (rosidl_generate_interfaces)
[8.568s] 
[8.568s] [0m
[8.568s] -- Configuring incomplete, errors occurred!
[8.569s] See also "/home/robot/ros_workspaces/project2/build/firstservicepkg/CMakeFiles/CMakeOutput.log".
[8.642s] Invoked command in '/home/robot/ros_workspaces/project2/build/firstservicepkg' returned '1': /usr/bin/cmake /home/robot/ros_workspaces/project2/firstservicepkg -DCMAKE_INSTALL_PREFIX=/home/robot/ros_workspaces/project2/install/firstservicepkg
